#-----------------------------------------------------------
# Vivado v2017.4 (64-bit)
# SW Build 2086221 on Fri Dec 15 20:55:39 MST 2017
# IP Build 2085800 on Fri Dec 15 22:25:07 MST 2017
# Start of session at: Thu Nov 29 12:58:24 2018
# Process ID: 2124
# Current directory: C:/Users/djans/Documents/ProgH-Practica/Practicum03
# Command line: vivado.exe -gui_launcher_event rodinguilauncherevent8928 C:\Users\djans\Documents\ProgH-Practica\Practicum03\Practicum03.xpr
# Log file: C:/Users/djans/Documents/ProgH-Practica/Practicum03/vivado.log
# Journal file: C:/Users/djans/Documents/ProgH-Practica/Practicum03\vivado.jou
#-----------------------------------------------------------
start_gui
open_project C:/Users/djans/Documents/ProgH-Practica/Practicum03/Practicum03.xpr
update_compile_order -fileset sources_1
export_ip_user_files -of_objects  [get_files {{C:/Users/djans/Documents/ProgH-Practica/Desktop/Technische Informatica/JAAR 2/BLOK 6/PROGH1/Bijlage opdrachten/Bijlage opdrachten/Week 3 - ALU/alu_tb.vhd}}] -no_script -reset -force -quiet
remove_files  {{C:/Users/djans/Documents/ProgH-Practica/Desktop/Technische Informatica/JAAR 2/BLOK 6/PROGH1/Bijlage opdrachten/Bijlage opdrachten/Week 3 - ALU/alu_tb.vhd}}
export_ip_user_files -of_objects  [get_files {{C:/Users/djans/Documents/ProgH-Practica/Desktop/Technische Informatica/JAAR 2/BLOK 6/PROGH1/Bijlage opdrachten/Bijlage opdrachten/Week 3 - ALU/binary_to_bcd.vhd}}] -no_script -reset -force -quiet
remove_files  {{C:/Users/djans/Documents/ProgH-Practica/Desktop/Technische Informatica/JAAR 2/BLOK 6/PROGH1/Bijlage opdrachten/Bijlage opdrachten/Week 3 - ALU/binary_to_bcd.vhd}}
remove_files  {{C:/Users/djans/Documents/ProgH-Practica/Desktop/Technische Informatica/JAAR 2/BLOK 6/PROGH1/Bijlage opdrachten/Bijlage opdrachten/Week 3 - ALU/binary_to_bcd.vhd}}
export_ip_user_files -of_objects  [get_files {{C:/Users/djans/Documents/ProgH-Practica/Desktop/Technische Informatica/JAAR 2/BLOK 6/PROGH1/Bijlage opdrachten/Bijlage opdrachten/Week 3 - ALU/binary_to_bcd_digit.vhd}}] -no_script -reset -force -quiet
remove_files  {{C:/Users/djans/Documents/ProgH-Practica/Desktop/Technische Informatica/JAAR 2/BLOK 6/PROGH1/Bijlage opdrachten/Bijlage opdrachten/Week 3 - ALU/binary_to_bcd_digit.vhd}}
add_files -norecurse {C:/Users/djans/Documents/ProgH-Practica/Practicum03/Practicum03.srcs/sources_1/new/alu_tb.vhd C:/Users/djans/Documents/ProgH-Practica/Practicum03/Practicum03.srcs/sources_1/new/binary_to_bcd.vhd C:/Users/djans/Documents/ProgH-Practica/Practicum03/Practicum03.srcs/sources_1/new/binary_to_bcd_digit.vhd}
update_compile_order -fileset sources_1
update_compile_order -fileset sources_1
launch_simulation
source binary_to_bcd.tcl
close_sim
